[    0.000000] Initializing cgroup subsys cpuset
[    0.000000] Initializing cgroup subsys cpu
[    0.000000] Initializing cgroup subsys cpuacct
[    0.000000] Linux version 4.4.0-142-generic (buildd@lgw01-amd64-033) (gcc version 5.4.0 20160609 (Ubuntu 5.4.0-6ubuntu1~16.04.10) ) #168-Ubuntu SMP Wed Jan 16 21:00:45 UTC 2019 (Ubuntu 4.4.0-142.168-generic 4.4.167)
[    0.000000] Command line: BOOT_IMAGE=/boot/vmlinuz-4.4.0-142-generic root=LABEL=cloudimg-rootfs ro console=tty1 console=ttyS0
[    0.000000] KERNEL supported cpus:
[    0.000000]   Intel GenuineIntel
[    0.000000]   AMD AuthenticAMD
[    0.000000]   Centaur CentaurHauls
[    0.000000] x86/fpu: xstate_offset[2]:  576, xstate_sizes[2]:  256
[    0.000000] x86/fpu: Supporting XSAVE feature 0x01: 'x87 floating point registers'
[    0.000000] x86/fpu: Supporting XSAVE feature 0x02: 'SSE registers'
[    0.000000] x86/fpu: Supporting XSAVE feature 0x04: 'AVX registers'
[    0.000000] x86/fpu: Enabled xstate features 0x7, context size is 832 bytes, using 'standard' format.
[    0.000000] e820: BIOS-provided physical RAM map:
[    0.000000] BIOS-e820: [mem 0x0000000000000000-0x000000000009fbff] usable
[    0.000000] BIOS-e820: [mem 0x000000000009fc00-0x000000000009ffff] reserved
[    0.000000] BIOS-e820: [mem 0x00000000000f0000-0x00000000000fffff] reserved
[    0.000000] BIOS-e820: [mem 0x0000000000100000-0x000000003ffeffff] usable
[    0.000000] BIOS-e820: [mem 0x000000003fff0000-0x000000003fffffff] ACPI data
[    0.000000] BIOS-e820: [mem 0x00000000fec00000-0x00000000fec00fff] reserved
[    0.000000] BIOS-e820: [mem 0x00000000fee00000-0x00000000fee00fff] reserved
[    0.000000] BIOS-e820: [mem 0x00000000fffc0000-0x00000000ffffffff] reserved
[    0.000000] NX (Execute Disable) protection: active
[    0.000000] SMBIOS 2.5 present.
[    0.000000] Hypervisor detected: KVM
[    0.000000] e820: last_pfn = 0x3fff0 max_arch_pfn = 0x400000000
[    0.000000] MTRR: Disabled
[    0.000000] x86/PAT: MTRRs disabled, skipping PAT initialization too.
[    0.000000] CPU MTRRs all blank - virtualized system.
[    0.000000] x86/PAT: Configuration [0-7]: WB  WT  UC- UC  WB  WT  UC- UC  
[    0.000000] found SMP MP-table at [mem 0x0009fff0-0x0009ffff] mapped at [ffff88000009fff0]
[    0.000000] Scanning 1 areas for low memory corruption
[    0.000000] RAMDISK: [mem 0x3630a000-0x3717cfff]
[    0.000000] ACPI: Early table checksum verification disabled
[    0.000000] ACPI: RSDP 0x00000000000E0000 000024 (v02 VBOX  )
[    0.000000] ACPI: XSDT 0x000000003FFF0030 00003C (v01 VBOX   VBOXXSDT 00000001 ASL  00000061)
[    0.000000] ACPI: FACP 0x000000003FFF00F0 0000F4 (v04 VBOX   VBOXFACP 00000001 ASL  00000061)
[    0.000000] ACPI: DSDT 0x000000003FFF0470 0022EA (v02 VBOX   VBOXBIOS 00000002 INTL 20100528)
[    0.000000] ACPI: FACS 0x000000003FFF0200 000040
[    0.000000] ACPI: FACS 0x000000003FFF0200 000040
[    0.000000] ACPI: APIC 0x000000003FFF0240 00005C (v02 VBOX   VBOXAPIC 00000001 ASL  00000061)
[    0.000000] ACPI: SSDT 0x000000003FFF02A0 0001CC (v01 VBOX   VBOXCPUT 00000002 INTL 20100528)
[    0.000000] No NUMA configuration found
[    0.000000] Faking a node at [mem 0x0000000000000000-0x000000003ffeffff]
[    0.000000] NODE_DATA(0) allocated [mem 0x3ffeb000-0x3ffeffff]
[    0.000000] kvm-clock: Using msrs 4b564d01 and 4b564d00
[    0.000000] kvm-clock: cpu 0, msr 0:3ffe3001, primary cpu clock
[    0.000000] kvm-clock: using sched offset of 4036036864 cycles
[    0.000000] clocksource: kvm-clock: mask: 0xffffffffffffffff max_cycles: 0x1cd42e4dffb, max_idle_ns: 881590591483 ns
[    0.000000] Zone ranges:
[    0.000000]   DMA      [mem 0x0000000000001000-0x0000000000ffffff]
[    0.000000]   DMA32    [mem 0x0000000001000000-0x000000003ffeffff]
[    0.000000]   Normal   empty
[    0.000000]   Device   empty
[    0.000000] Movable zone start for each node
[    0.000000] Early memory node ranges
[    0.000000]   node   0: [mem 0x0000000000001000-0x000000000009efff]
[    0.000000]   node   0: [mem 0x0000000000100000-0x000000003ffeffff]
[    0.000000] Initmem setup node 0 [mem 0x0000000000001000-0x000000003ffeffff]
[    0.000000] ACPI: PM-Timer IO Port: 0x4008
[    0.000000] IOAPIC[0]: apic_id 2, version 32, address 0xfec00000, GSI 0-23
[    0.000000] ACPI: INT_SRC_OVR (bus 0 bus_irq 0 global_irq 2 dfl dfl)
[    0.000000] ACPI: INT_SRC_OVR (bus 0 bus_irq 9 global_irq 9 low level)
[    0.000000] Using ACPI (MADT) for SMP configuration information
[    0.000000] smpboot: Allowing 2 CPUs, 0 hotplug CPUs
[    0.000000] PM: Registered nosave memory: [mem 0x00000000-0x00000fff]
[    0.000000] PM: Registered nosave memory: [mem 0x0009f000-0x0009ffff]
[    0.000000] PM: Registered nosave memory: [mem 0x000a0000-0x000effff]
[    0.000000] PM: Registered nosave memory: [mem 0x000f0000-0x000fffff]
[    0.000000] e820: [mem 0x40000000-0xfebfffff] available for PCI devices
[    0.000000] Booting paravirtualized kernel on KVM
[    0.000000] clocksource: refined-jiffies: mask: 0xffffffff max_cycles: 0xffffffff, max_idle_ns: 7645519600211568 ns
[    0.000000] setup_percpu: NR_CPUS:512 nr_cpumask_bits:512 nr_cpu_ids:2 nr_node_ids:1
[    0.000000] PERCPU: Embedded 34 pages/cpu @ffff88003fc00000 s99480 r8192 d31592 u1048576
[    0.000000] Built 1 zonelists in Node order, mobility grouping on.  Total pages: 257912
[    0.000000] Policy zone: DMA32
[    0.000000] Kernel command line: BOOT_IMAGE=/boot/vmlinuz-4.4.0-142-generic root=LABEL=cloudimg-rootfs ro console=tty1 console=ttyS0
[    0.000000] PID hash table entries: 4096 (order: 3, 32768 bytes)
[    0.000000] Memory: 997736K/1048120K available (8603K kernel code, 1332K rwdata, 4004K rodata, 1484K init, 1316K bss, 50384K reserved, 0K cma-reserved)
[    0.000000] SLUB: HWalign=64, Order=0-3, MinObjects=0, CPUs=2, Nodes=1
[    0.000000] Kernel/User page tables isolation: enabled
[    0.000000] Hierarchical RCU implementation.
[    0.000000] 	Build-time adjustment of leaf fanout to 64.
[    0.000000] 	RCU restricting CPUs from NR_CPUS=512 to nr_cpu_ids=2.
[    0.000000] RCU: Adjusting geometry for rcu_fanout_leaf=64, nr_cpu_ids=2
[    0.000000] NR_IRQS:33024 nr_irqs:440 16
[    0.000000] Console: colour VGA+ 80x25
[    0.000000] console [tty1] enabled
[    0.000000] console [ttyS0] enabled
[    0.000000] tsc: Detected 2494.316 MHz processor
[    0.235001] Calibrating delay loop (skipped) preset value.. 4988.63 BogoMIPS (lpj=9977264)
[    0.237968] pid_max: default: 32768 minimum: 301
[    0.239617] ACPI: Core revision 20150930
[    0.242129] ACPI: 2 ACPI AML tables successfully acquired and loaded
[    0.244462] Security Framework initialized
[    0.245982] Yama: becoming mindful.
[    0.247310] AppArmor: AppArmor initialized
[    0.248745] Dentry cache hash table entries: 131072 (order: 8, 1048576 bytes)
[    0.253343] Inode-cache hash table entries: 65536 (order: 7, 524288 bytes)
[    0.255779] Mount-cache hash table entries: 2048 (order: 2, 16384 bytes)
[    0.258089] Mountpoint-cache hash table entries: 2048 (order: 2, 16384 bytes)
[    0.260537] Initializing cgroup subsys io
[    0.262128] Initializing cgroup subsys memory
[    0.263692] Initializing cgroup subsys devices
[    0.265272] Initializing cgroup subsys freezer
[    0.266917] Initializing cgroup subsys net_cls
[    0.268501] Initializing cgroup subsys perf_event
[    0.270222] Initializing cgroup subsys net_prio
[    0.271625] Initializing cgroup subsys hugetlb
[    0.273057] Initializing cgroup subsys pids
[    0.274591] mce: CPU supports 0 MCE banks
[    0.276336] Last level iTLB entries: 4KB 512, 2MB 8, 4MB 8
[    0.278329] Last level dTLB entries: 4KB 512, 2MB 32, 4MB 32, 1GB 0
[    0.280439] Spectre V2 : Mitigation: Full generic retpoline
[    0.282504] Spectre V2 : Spectre v2 / SpectreRSB mitigation: Filling RSB on context switch
[    0.285405] Speculative Store Bypass: Vulnerable
[    0.290448] Freeing SMP alternatives memory: 32K
[    0.298682] ftrace: allocating 32277 entries in 127 pages
[    0.368207] smpboot: APIC(0) Converting physical 0 to logical package 0
[    0.371543] smpboot: Max logical packages: 1
[    0.373379] x2apic enabled
[    0.374742] Switched APIC routing to physical x2apic.
[    0.377738] ..TIMER: vector=0x30 apic1=0 pin1=2 apic2=-1 pin2=-1
[    0.485889] smpboot: CPU0: Intel(R) Core(TM) i5-2400S CPU @ 2.50GHz (family: 0x6, model: 0x2a, stepping: 0x7)
[    0.489757] Performance Events: unsupported p6 CPU model 42 no PMU driver, software events only.
[    0.503854] KVM setup paravirtual spinlock
[    0.505878] x86: Booting SMP configuration:
[    0.507271] .... node  #0, CPUs:      #1
[    0.508687] kvm-clock: cpu 1, msr 0:3ffe3041, secondary cpu clock
[    0.510519] mce: CPU supports 0 MCE banks
[    0.513606] x86: Booted up 1 node, 2 CPUs
[    0.515254] smpboot: Total of 2 processors activated (9977.26 BogoMIPS)
[    0.517792] devtmpfs: initialized
[    0.520512] evm: security.selinux
[    0.521677] evm: security.SMACK64
[    0.523012] evm: security.SMACK64EXEC
[    0.524353] evm: security.SMACK64TRANSMUTE
[    0.525809] evm: security.SMACK64MMAP
[    0.527236] evm: security.ima
[    0.528283] evm: security.capability
[    0.529660] clocksource: jiffies: mask: 0xffffffff max_cycles: 0xffffffff, max_idle_ns: 7645041785100000 ns
[    0.532811] futex hash table entries: 512 (order: 3, 32768 bytes)
[    0.534952] pinctrl core: initialized pinctrl subsystem
[    0.536640] RTC time: 16:54:56, date: 03/06/19
[    0.538270] NET: Registered protocol family 16
[    0.550607] cpuidle: using governor ladder
[    0.563107] cpuidle: using governor menu
[    0.564363] PCCT header not found.
[    0.565548] ACPI: bus type PCI registered
[    0.567050] acpiphp: ACPI Hot Plug PCI Controller Driver version: 0.5
[    0.569434] PCI: Using configuration type 1 for base access
[    0.583867] ACPI: Added _OSI(Module Device)
[    0.585398] ACPI: Added _OSI(Processor Device)
[    0.587077] ACPI: Added _OSI(3.0 _SCP Extensions)
[    0.588784] ACPI: Added _OSI(Processor Aggregator Device)
[    0.591695] ACPI: Executed 1 blocks of module-level executable AML code
[    0.596120] ACPI: Interpreter enabled
[    0.597614] ACPI: (supports S0 S5)
[    0.599022] ACPI: Using IOAPIC for interrupt routing
[    0.600894] PCI: Using host bridge windows from ACPI; if necessary, use "pci=nocrs" and report a bug
[    0.609144] ACPI: PCI Root Bridge [PCI0] (domain 0000 [bus 00-ff])
[    0.611209] acpi PNP0A03:00: _OSC: OS supports [ASPM ClockPM Segments MSI]
[    0.613541] acpi PNP0A03:00: _OSC: not requesting OS control; OS requires [ExtendedConfig ASPM ClockPM MSI]
[    0.616964] acpi PNP0A03:00: fail to add MMCONFIG information, can't access extended PCI configuration space under this bridge.
[    0.621534] PCI host bridge to bus 0000:00
[    0.623153] pci_bus 0000:00: root bus resource [io  0x0000-0x0cf7 window]
[    0.625379] pci_bus 0000:00: root bus resource [io  0x0d00-0xffff window]
[    0.627887] pci_bus 0000:00: root bus resource [mem 0x000a0000-0x000bffff window]
[    0.630589] pci_bus 0000:00: root bus resource [mem 0x40000000-0xfdffffff window]
[    0.633045] pci_bus 0000:00: root bus resource [bus 00-ff]
[    0.638766] pci 0000:00:01.1: legacy IDE quirk: reg 0x10: [io  0x01f0-0x01f7]
[    0.640804] pci 0000:00:01.1: legacy IDE quirk: reg 0x14: [io  0x03f6]
[    0.642843] pci 0000:00:01.1: legacy IDE quirk: reg 0x18: [io  0x0170-0x0177]
[    0.645034] pci 0000:00:01.1: legacy IDE quirk: reg 0x1c: [io  0x0376]
[    0.666952] pci 0000:00:07.0: quirk: [io  0x4000-0x403f] claimed by PIIX4 ACPI
[    0.669627] pci 0000:00:07.0: quirk: [io  0x4100-0x410f] claimed by PIIX4 SMB
[    0.695327] ACPI: PCI Interrupt Link [LNKA] (IRQs 5 9 10 *11)
[    0.698554] ACPI: PCI Interrupt Link [LNKB] (IRQs 5 9 *10 11)
[    0.701086] ACPI: PCI Interrupt Link [LNKC] (IRQs 5 *9 10 11)
[    0.703769] ACPI: PCI Interrupt Link [LNKD] (IRQs 5 9 10 *11)
[    0.706517] ACPI: Enabled 2 GPEs in block 00 to 07
[    0.708819] vgaarb: setting as boot device: PCI:0000:00:02.0
[    0.710814] vgaarb: device added: PCI:0000:00:02.0,decodes=io+mem,owns=io+mem,locks=none
[    0.713702] vgaarb: loaded
[    0.721525] vgaarb: bridge control possible 0000:00:02.0
[    0.723566] SCSI subsystem initialized
[    0.724973] ACPI: bus type USB registered
[    0.726445] usbcore: registered new interface driver usbfs
[    0.728335] usbcore: registered new interface driver hub
[    0.730250] usbcore: registered new device driver usb
[    0.734427] PCI: Using ACPI for IRQ routing
[    0.736619] NetLabel: Initializing
[    0.738092] NetLabel:  domain hash size = 128
[    0.739751] NetLabel:  protocols = UNLABELED CIPSOv4
[    0.741649] NetLabel:  unlabeled traffic allowed by default
[    0.744097] amd_nb: Cannot enumerate AMD northbridges
[    0.746082] clocksource: Switched to clocksource kvm-clock
[    0.759254] AppArmor: AppArmor Filesystem Enabled
[    0.761233] pnp: PnP ACPI init
[    0.764167] pnp: PnP ACPI: found 3 devices
[    0.778240] clocksource: acpi_pm: mask: 0xffffff max_cycles: 0xffffff, max_idle_ns: 2085701024 ns
[    0.781488] NET: Registered protocol family 2
[    0.783361] TCP established hash table entries: 8192 (order: 4, 65536 bytes)
[    0.785860] TCP bind hash table entries: 8192 (order: 5, 131072 bytes)
[    0.789190] TCP: Hash tables configured (established 8192 bind 8192)
[    0.791713] UDP hash table entries: 512 (order: 2, 16384 bytes)
[    0.793901] UDP-Lite hash table entries: 512 (order: 2, 16384 bytes)
[    0.796626] NET: Registered protocol family 1
[    0.798310] pci 0000:00:00.0: Limiting direct PCI/PCI transfers
[    0.800656] pci 0000:00:01.0: Activating ISA DMA hang workarounds
[    0.803469] Unpacking initramfs...
[    1.072812] Freeing initrd memory: 14796K
[    1.075812] RAPL PMU detected, API unit is 2^-32 Joules, 3 fixed counters 10737418240 ms ovfl timer
[    1.079696] hw unit of domain pp0-core 2^-0 Joules
[    1.081566] hw unit of domain package 2^-0 Joules
[    1.083598] hw unit of domain pp1-gpu 2^-0 Joules
[    1.085910] platform rtc_cmos: registered platform RTC device (no PNP device found)
[    1.089334] Scanning for low memory corruption every 60 seconds
[    1.092452] audit: initializing netlink subsys (disabled)
[    1.094577] audit: type=2000 audit(1551891302.000:1): initialized
[    1.097324] Initialise system trusted keyring
[    1.099419] HugeTLB registered 2 MB page size, pre-allocated 0 pages
[    1.103749] zbud: loaded
[    1.105470] VFS: Disk quotas dquot_6.6.0
[    1.107464] VFS: Dquot-cache hash table entries: 512 (order 0, 4096 bytes)
[    1.110442] squashfs: version 4.0 (2009/01/31) Phillip Lougher
[    1.112717] fuse init (API version 7.23)
[    1.114182] Key type big_key registered
[    1.115686] Allocating IMA MOK and blacklist keyrings.
[    1.118937] Key type asymmetric registered
[    1.120578] Asymmetric key parser 'x509' registered
[    1.123259] Block layer SCSI generic (bsg) driver version 0.4 loaded (major 249)
[    1.126228] io scheduler noop registered
[    1.127636] io scheduler deadline registered (default)
[    1.129459] io scheduler cfq registered
[    1.130956] pci_hotplug: PCI Hot Plug PCI Core version: 0.5
[    1.132721] pciehp: PCI Express Hot Plug Controller Driver version: 0.4
[    1.135445] ACPI: AC Adapter [AC] (on-line)
[    1.137563] input: Power Button as /devices/LNXSYSTM:00/LNXPWRBN:00/input/input0
[    1.140283] ACPI: Power Button [PWRF]
[    1.141745] input: Sleep Button as /devices/LNXSYSTM:00/LNXSLPBN:00/input/input1
[    1.144201] ACPI: Sleep Button [SLPF]
[    1.145723] GHES: HEST is not enabled!
[    1.147500] Serial: 8250/16550 driver, 32 ports, IRQ sharing enabled
 	
 !"#$%&'()*+,-./0123456789:;<=>?@ABCDEFGHIJKLMNOPQRSTUVWXYZ[\]^_`abcdefghijklmnopqrstuvwxyz{|}~ÄÅÇÉÑÖÜáàâäãåçéèêëíìîïñóòôöõúùûü†°¢£§•¶ß®©™´¨≠ÆØ∞±≤≥¥µ∂∑∏π∫ªºΩæø¿¡¬√ƒ≈∆«»… ÀÃÕŒœ–—“”‘’÷◊ÿŸ⁄€‹›ﬁﬂ‡·‚„‰ÂÊÁËÈÍÎÏÌÓÔÒÚÛÙıˆ˜¯˘˙˚¸˝˛ˇ[    1.174287] 00:02: ttyS0 at I/O 0x3f8 (irq = 4, base_baud = 115200) is a 16550A
[    1.177920] Linux agpgart interface v0.103
[    1.181582] loop: module loaded
[    1.183857] scsi host0: ata_piix
[    1.185359] scsi host1: ata_piix
[    1.186777] ata1: PATA max UDMA/33 cmd 0x1f0 ctl 0x3f6 bmdma 0xd000 irq 14
[    1.189085] ata2: PATA max UDMA/33 cmd 0x170 ctl 0x376 bmdma 0xd008 irq 15
[    1.191589] libphy: Fixed MDIO Bus: probed
[    1.193236] tun: Universal TUN/TAP device driver, 1.6
[    1.195237] tun: (C) 1999-2004 Max Krasnyansky <maxk@qualcomm.com>
[    1.197473] PPP generic driver version 2.4.2
[    1.199189] ehci_hcd: USB 2.0 'Enhanced' Host Controller (EHCI) Driver
[    1.201388] ehci-pci: EHCI PCI platform driver
[    1.203132] ehci-platform: EHCI generic platform driver
[    1.205052] ohci_hcd: USB 1.1 'Open' Host Controller (OHCI) Driver
[    1.207343] ohci-pci: OHCI PCI platform driver
[    1.208965] ohci-platform: OHCI generic platform driver
[    1.210869] uhci_hcd: USB Universal Host Controller Interface driver
[    1.213069] i8042: PNP: PS/2 Controller [PNP0303:PS2K,PNP0f03:PS2M] at 0x60,0x64 irq 1,12
[    1.216485] serio: i8042 KBD port at 0x60,0x64 irq 1
[    1.218047] serio: i8042 AUX port at 0x60,0x64 irq 12
[    1.219837] mousedev: PS/2 mouse device common for all mice
[    1.222084] rtc_cmos rtc_cmos: rtc core: registered rtc_cmos as rtc0
[    1.224090] rtc_cmos rtc_cmos: alarms up to one day, 114 bytes nvram
[    1.226574] i2c /dev entries driver
[    1.228063] input: AT Translated Set 2 keyboard as /devices/platform/i8042/serio0/input/input2
[    1.231575] device-mapper: uevent: version 1.0.3
[    1.233584] device-mapper: ioctl: 4.34.0-ioctl (2015-10-28) initialised: dm-devel@redhat.com
[    1.236971] ledtrig-cpu: registered to indicate activity on CPUs
[    1.239503] NET: Registered protocol family 10
[    1.241308] NET: Registered protocol family 17
[    1.243129] Key type dns_resolver registered
[    1.245059] registered taskstats version 1
[    1.246640] Loading compiled-in X.509 certificates
[    1.249021] Loaded X.509 cert 'Build time autogenerated kernel key: bff73e56bc0efa7435b2a24f5427674623f1be80'
[    1.252051] zswap: loaded using pool lzo/zbud
[    1.256011] Key type trusted registered
[    1.262336] Key type encrypted registered
[    1.263609] AppArmor: AppArmor sha1 policy hashing enabled
[    1.265295] ima: No TPM chip found, activating TPM-bypass!
[    1.267118] ima: Allocated hash algorithm: sha1
[    1.268734] evm: HMAC attrs: 0x1
[    1.270656]   Magic number: 11:20:944
[    1.271891] tty tty1: hash matches
[    1.273148] rtc_cmos rtc_cmos: setting system clock to 2019-03-06 16:54:57 UTC (1551891297)
[    1.276003] BIOS EDD facility v0.16 2004-Jun-25, 0 devices found
[    1.277857] EDD information not available.
[    1.347926] Freeing unused kernel memory: 1484K
[    1.349593] Write protecting the kernel read-only data: 14336k
[    1.352156] Freeing unused kernel memory: 1624K
[    1.353946] Freeing unused kernel memory: 92K
Loading, please wait...
starting version 229
[    1.373251] random: systemd-udevd: uninitialized urandom read (16 bytes read, 2 bits of entropy available)
[    1.373925] random: udevadm: uninitialized urandom read (16 bytes read, 2 bits of entropy available)
[    1.373956] random: udevadm: uninitialized urandom read (16 bytes read, 2 bits of entropy available)
[    1.383809] random: systemd-udevd: uninitialized urandom read (16 bytes read, 2 bits of entropy available)
[    1.387469] random: systemd-udevd: uninitialized urandom read (16 bytes read, 2 bits of entropy available)
[    1.391015] random: systemd-udevd: uninitialized urandom read (16 bytes read, 2 bits of entropy available)
[    1.392730] random: udevadm: uninitialized urandom read (16 bytes read, 2 bits of entropy available)
[    1.392795] random: udevadm: uninitialized urandom read (16 bytes read, 2 bits of entropy available)
[    1.393036] random: udevadm: uninitialized urandom read (16 bytes read, 2 bits of entropy available)
[    1.393129] random: udevadm: uninitialized urandom read (16 bytes read, 2 bits of entropy available)
[    1.466487] e1000: Intel(R) PRO/1000 Network Driver - version 7.3.21-k8-NAPI
[    1.469106] e1000: Copyright (c) 1999-2006 Intel Corporation.
[    1.480958] Fusion MPT base driver 3.04.20
[    1.482579] Copyright (c) 1999-2008 LSI Corporation
[    1.508903] Fusion MPT SPI Host driver 3.04.20
[    1.533025] AVX version of gcm_enc/dec engaged.
[    1.534712] AES CTR mode by8 optimization enabled
[    1.748154] input: ImExPS/2 Generic Explorer Mouse as /devices/platform/i8042/serio1/input/input4
[    1.981493] e1000 0000:00:03.0 eth0: (PCI:33MHz:32-bit) 02:47:ec:b6:72:35
[    1.983703] e1000 0000:00:03.0 eth0: Intel(R) PRO/1000 Network Connection
[    1.986878] mptbase: ioc0: Initiating bringup
[    2.124331] tsc: Refined TSC clocksource calibration: 2494.459 MHz
[    2.126243] clocksource: tsc: mask: 0xffffffffffffffff max_cycles: 0x23f4c782677, max_idle_ns: 440795232643 ns
[    2.246760] ioc0: LSI53C1030 A0: Capabilities={Initiator}
[    3.933928] scsi host2: ioc0: LSI53C1030 A0, FwRev=00000000h, Ports=1, MaxQ=256, IRQ=20
[    4.243518] scsi 2:0:0:0: Direct-Access     VBOX     HARDDISK         1.0  PQ: 0 ANSI: 5
[    4.246400] scsi target2:0:0: Beginning Domain Validation
[    4.251382] scsi target2:0:0: Domain Validation skipping write tests
[    4.253485] scsi target2:0:0: Ending Domain Validation
[    4.255413] scsi target2:0:0: asynchronous
[    4.257560] scsi 2:0:1:0: Direct-Access     VBOX     HARDDISK         1.0  PQ: 0 ANSI: 5
[    4.260493] scsi target2:0:1: Beginning Domain Validation
[    4.263745] scsi target2:0:1: Domain Validation skipping write tests
[    4.275502] scsi target2:0:1: Ending Domain Validation
[    4.292719] scsi target2:0:1: asynchronous
[    4.342945] sd 2:0:0:0: Attached scsi generic sg0 type 0
[    4.344969] sd 2:0:0:0: [sda] 20971520 512-byte logical blocks: (10.7 GB/10.0 GiB)
[    4.348060] sd 2:0:1:0: Attached scsi generic sg1 type 0
[    4.348322] sd 2:0:1:0: [sdb] 20480 512-byte logical blocks: (10.5 MB/10.0 MiB)
[    4.348703] sd 2:0:1:0: [sdb] Write Protect is off
[    4.348925] sd 2:0:1:0: [sdb] Incomplete mode parameter data
[    4.348927] sd 2:0:1:0: [sdb] Assuming drive cache: write through
[    4.359985] sd 2:0:0:0: [sda] Write Protect is off
[    4.361982] sd 2:0:0:0: [sda] Incomplete mode parameter data
[    4.364072] sd 2:0:0:0: [sda] Assuming drive cache: write through
[    4.368398] sd 2:0:1:0: [sdb] Attached SCSI disk
[    4.378232]  sda: sda1
[    4.380537] sd 2:0:0:0: [sda] Attached SCSI disk
[    4.707336] e1000 0000:00:08.0 eth1: (PCI:33MHz:32-bit) 08:00:27:11:0b:37
[    4.709562] e1000 0000:00:08.0 eth1: Intel(R) PRO/1000 Network Connection
[    4.713442] e1000 0000:00:08.0 enp0s8: renamed from eth1
[    4.727890] e1000 0000:00:03.0 enp0s3: renamed from eth0
Begin: Loading essential drivers ... [    6.096990] md: linear personality registered for level -1
[    6.102508] md: multipath personality registered for level -4
[    6.107978] md: raid0 personality registered for level 0
[    6.114760] md: raid1 personality registered for level 1
[    6.187420] raid6: sse2x1   gen()  8588 MB/s
[    6.254414] raid6: sse2x1   xor()  6479 MB/s
[    6.322237] raid6: sse2x2   gen() 10466 MB/s
[    6.392286] raid6: sse2x2   xor()  7631 MB/s
[    6.462328] raid6: sse2x4   gen() 13071 MB/s
[    6.530445] raid6: sse2x4   xor()  8961 MB/s
[    6.531820] raid6: using algorithm sse2x4 gen() 13071 MB/s
[    6.533491] raid6: .... xor() 8961 MB/s, rmw enabled
[    6.535205] raid6: using ssse3x2 recovery algorithm
[    6.538594] xor: automatically using best checksumming function:
[    6.578309]    avx       : 20702.000 MB/sec
[    6.581222] async_tx: api initialized (async)
[    6.597642] md: raid6 personality registered for level 6
[    6.599539] md: raid5 personality registered for level 5
[    6.601116] md: raid4 personality registered for level 4
[    6.611920] md: raid10 personality registered for level 10
done.
Begin: Running /scripts/init-premount ... done.
Begin: Mounting root file system ... Begin: Running /scripts/local-top ... done.
Begin: Running /scripts/local-premount ... [    6.649797] Btrfs loaded
Scanning for Btrfs filesystems
done.
Warning: fsck not present, so skipping root file system
[    6.712848] EXT4-fs (sda1): mounted filesystem with ordered data mode. Opts: (null)
done.
Begin: Running /scripts/local-bottom ... done.
Begin: Running /scripts/init-bottom ... done.
[    6.873752] systemd[1]: systemd 229 running in system mode. (+PAM +AUDIT +SELINUX +IMA +APPARMOR +SMACK +SYSVINIT +UTMP +LIBCRYPTSETUP +GCRYPT +GNUTLS +ACL +XZ -LZ4 +SECCOMP +BLKID +ELFUTILS +KMOD -IDN)
[    6.879406] systemd[1]: Detected virtualization oracle.
[    6.880991] systemd[1]: Detected architecture x86-64.

Welcome to [1mUbuntu 16.04.5 LTS[0m!

[    6.909340] systemd[1]: Set hostname to <ubuntu>.
[    6.917405] systemd[1]: Initializing machine ID from random generator.
[    6.919553] systemd[1]: Installed transient /etc/machine-id file.
[    7.145649] systemd[1]: Started Forward Password Requests to Wall Directory Watch.
[[0;32m  OK  [0m] Started Forward Password Requests to Wall Directory Watch.
[    7.150522] systemd[1]: Reached target System Time Synchronized.
[[0;32m  OK  [0m] Reached target System Time Synchronized.
[    7.154376] systemd[1]: Listening on Device-mapper event daemon FIFOs.
[[0;32m  OK  [0m] Listening on Device-mapper event daemon FIFOs.
[    7.157970] systemd[1]: Listening on Syslog Socket.
[[0;32m  OK  [0m] Listening on Syslog Socket.
[    7.170861] systemd[1]: Listening on udev Kernel Socket.
[[0;32m  OK  [0m] Listening on udev Kernel Socket.
[    7.182598] systemd[1]: Listening on Journal Socket (/dev/log).
[[0;32m  OK  [0m] Listening on Journal Socket (/dev/log).
[    7.185992] systemd[1]: Started Trigger resolvconf update for networkd DNS.
[[0;32m  OK  [0m] Started Trigger resolvconf update for networkd DNS.
[    7.190426] systemd[1]: Listening on LVM2 metadata daemon socket.
[[0;32m  OK  [0m] Listening on LVM2 metadata daemon socket.
[    7.193973] systemd[1]: Reached target User and Group Name Lookups.
[[0;32m  OK  [0m] Reached target User and Group Name Lookups.
[    7.198016] systemd[1]: Set up automount Arbitrary Executable File Formats File System Automount Point.
[[0;32m  OK  [0m] Set up automount Arbitrary Executab...ats File System Automount Point.
[    7.203978] systemd[1]: Listening on Journal Socket.
[[0;32m  OK  [0m] Listening on Journal Socket.
[    7.207224] systemd[1]: Reached target Swap.
[[0;32m  OK  [0m] Reached target Swap.
[    7.209812] systemd[1]: Listening on /dev/initctl Compatibility Named Pipe.
[[0;32m  OK  [0m] Listening on /dev/initctl Compatibility Named Pipe.
[    7.218922] systemd[1]: Listening on Journal Audit Socket.
[[0;32m  OK  [0m] Listening on Journal Audit Socket.
[    7.227262] systemd[1]: Created slice User and Session Slice.
[[0;32m  OK  [0m] Created slice User and Session Slice.
[    7.238646] systemd[1]: Listening on LVM2 poll daemon socket.
[[0;32m  OK  [0m] Listening on LVM2 poll daemon socket.
[    7.241897] systemd[1]: Listening on udev Control Socket.
[[0;32m  OK  [0m] Listening on udev Control Socket.
[    7.251150] systemd[1]: Created slice System Slice.
[[0;32m  OK  [0m] Created slice System Slice.
[    7.270509] systemd[1]: Mounting POSIX Message Queue File System...
         Mounting POSIX Message Queue File System...
[    7.275750] systemd[1]: Starting Monitoring of LVM2 mirrors, snapshots etc. using dmeventd or progress polling...
         Starting Monitoring of LVM2 mirrors... dmeventd or progress polling...
[    7.281856] systemd[1]: Reached target Slices.
[[0;32m  OK  [0m] Reached target Slices.
[    7.285752] systemd[1]: Starting Journal Service...
         Starting Journal Service...
[    7.289834] systemd[1]: Starting Uncomplicated firewall...
         Starting Uncomplicated firewall...
[    7.293407] systemd[1]: Created slice system-serial\x2dgetty.slice.
[[0;32m  OK  [0m] Created slice system-serial\x2dgetty.slice.
[    7.298494] systemd[1]: Mounting Huge Pages File System...
         Mounting Huge Pages File System...
[    7.309202] systemd[1]: Starting Create list of required static device nodes for the current kernel...
         Starting Create list of required st... nodes for the current kernel...
[    7.323457] systemd[1]: Mounting Debug File System...
         Mounting Debug File System...
[    7.327763] systemd[1]: Starting Remount Root and Kernel File Systems...
         Starting Remount Root and Kernel File Systems...
[    7.333232] systemd[1]: Starting Set console keymap...
         Starting Set console keymap...
[    7.337445] systemd[1]: Starting Nameserver information manager...
         Starting Nameserver information manager...
[    7.343367] EXT4-fs (sda1): re-mounted. Opts: (null)
[    7.348849] systemd[1]: Starting Load Kernel Modules...
         Starting Load Kernel Modules...
[    7.356025] systemd[1]: Reached target Encrypted Volumes.
[[0;32m  OK  [0m] Reached target Encrypted Volumes.
[    7.366399] systemd[1]: Mounted Huge Pages File System.
[[0;32m  OK  [0m] Mounted Huge Pages File System.
[    7.369756] systemd[1]: Mounted Debug File System.
[[0;32m  OK  [0m] Mounted Debug File System.
[    7.374256] systemd[1]: Mounted POSIX Message Queue File System.
[[0;32m  OK  [0m] Mounted POSIX Message Queue File System.
[    7.378058] systemd[1]: Started Journal Service.
[[0;32m  OK  [0m] Started Journal Service.
[[0;32m  OK  [0m] Started Uncomplicated firewall.
[[0;32m  OK  [0m] Started Create list of required sta...ce nodes for the current kernel.
[    7.392735] Loading iSCSI transport class v2.0-870.
[[0;32m  OK  [0m] Started Remount Root and Kernel File Systems.
[    7.404647] iscsi: registered transport (tcp)
[[0;32m  OK  [0m] Started Nameserver information manager.
[[0;32m  OK  [0m] Started LVM2 metadata daemon.
         Starting udev Coldplug all Devices...
         Starting Load/Save Random Seed...
         Starting Create Static Device Nodes in /dev...
         Starting Flush Journal to Persistent Storage...
[[0;32m  OK  [0m] Started Set console keymap.
[[0;32m  OK  [0m] Started Load/Save Random Seed.
[    7.504885] iscsi: registered transport (iser)
[[0;32m  OK  [0m] Started Load Kernel Modules.
[    7.554788] systemd-journald[379]: Received request to flush runtime journal from PID 1
[[0;32m  OK  [0m] Started Create Static Device Nodes in /dev.
[[0;32m  OK  [0m] Started Flush Journal to Persistent Storage.
         Starting udev Kernel Device Manager...
         Mounting FUSE Control File System...
         Starting Apply Kernel Variables...
[[0;32m  OK  [0m] Mounted FUSE Control File System.
[[0;32m  OK  [0m] Started udev Coldplug all Devices.
[[0;32m  OK  [0m] Started Apply Kernel Variables.
[[0;32m  OK  [0m] Started udev Kernel Device Manager.
[[0;32m  OK  [0m] Started Dispatch Password Requests to Console Directory Watch.
[[0;32m  OK  [0m] Found device /dev/ttyS0.
[[0;32m  OK  [0m] Listening on Load/Save RF Kill Switch Status /dev/rfkill Watch.
[[0;32m  OK  [0m] Started Monitoring of LVM2 mirrors,...ng dmeventd or progress polling.
[[0;32m  OK  [0m] Reached target Local File Systems (Pre).
[[0;32m  OK  [0m] Reached target Local File Systems.
         Starting Set console font and keymap...
         Starting Create Volatile Files and Directories...
         Starting Initial cloud-init job (pre-networking)...
         Starting Tell Plymouth To Write Out Runtime Data...
         Starting Commit a transient machine-id on disk...
         Starting LSB: AppArmor initialization...
[[0;32m  OK  [0m] Started Create Volatile Files and Directories.
[[0;32m  OK  [0m] Started Tell Plymouth To Write Out Runtime Data.
[[0;32m  OK  [0m] Started Commit a transient machine-id on disk.
         Starting Update UTMP about System Boot/Shutdown...
[[0;32m  OK  [0m] Started Update UTMP about System Boot/Shutdown.
[[0;32m  OK  [0m] Started LSB: AppArmor initialization.
[[0;32m  OK  [0m] Started Set console font and keymap.
[[0;32m  OK  [0m] Created slice system-getty.slice.
[   10.315561] cloud-init[604]: Cloud-init v. 18.4-0ubuntu1~16.04.2 running 'init-local' at Wed, 06 Mar 2019 16:55:06 +0000. Up 9.93 seconds.
[[0;32m  OK  [0m] Started Initial cloud-init job (pre-networking).
[[0;32m  OK  [0m] Reached target Network (Pre).
         Starting Raise network interfaces...
[[0;32m  OK  [0m] Started Raise network interfaces.
         Starting Initial cloud-init job (metadata service crawler)...
[[0;32m  OK  [0m] Reached target Network.
[   11.998757] cloud-init[960]: Cloud-init v. 18.4-0ubuntu1~16.04.2 running 'init' at Wed, 06 Mar 2019 16:55:07 +0000. Up 10.97 seconds.
[   12.001648] cloud-init[960]: ci-info: ++++++++++++++++++++++++++++++++++++++Net device info+++++++++++++++++++++++++++++++++++++++
[   12.012700] cloud-init[960]: ci-info: +--------+-------+----------------------------+---------------+--------+-------------------+
[   12.016029] cloud-init[960]: ci-info: | Device |   Up  |          Address           |      Mask     | Scope  |     Hw-Address    |
[   12.019548] cloud-init[960]: ci-info: +--------+-------+----------------------------+---------------+--------+-------------------+
[   12.028638] cloud-init[960]: ci-info: | enp0s3 |  True |         10.0.2.15          | 255.255.255.0 | global | 02:47:ec:b6:72:35 |
[   12.032150] cloud-init[960]: ci-info: | enp0s3 |  True | fe80::47:ecff:feb6:7235/64 |       .       |  link  | 02:47:ec:b6:72:35 |
[   12.040729] cloud-init[960]: ci-info: | enp0s8 | False |             .              |       .       |   .    | 08:00:27:11:0b:37 |
[   12.044491] cloud-init[960]: ci-info: |   lo   |  True |         127.0.0.1          |   255.0.0.0   |  host  |         .         |
[   12.047864] cloud-init[960]: ci-info: |   lo   |  True |          ::1/128           |       .       |  host  |         .         |
[   12.060879] cloud-init[960]: ci-info: +--------+-------+----------------------------+---------------+--------+-------------------+
[[   12.061153] cloud-init[960]: ci-info: +++++++++++++++++++++++++++Route IPv4 info++++++++++++++++++++++++++++
[0;32m  OK  [0m[   12.064158] cloud-init[960]: ci-info: +-------+-------------+----------+---------------+-----------+-------+
] [   12.066668] cloud-init[960]: ci-info: | Route | Destination | Gateway  |    Genmask    | Interface | Flags |
Started Initial cloud-init job (metadata service crawler).
[   12.069283] cloud-init[960]: ci-info: +-------+-------------+----------+---------------+-----------+-------+
[   12.079610] cloud-init[960]: ci-info: |   0   |   0.0.0.0   | 10.0.2.2 |    0.0.0.0    |   enp0s3  |   UG  |
[   12.092546] cloud-init[960]: ci-info: |   1   |   10.0.2.0  | 0.0.0.0  | 255.255.255.0 |   enp0s3  |   U   |
[[0;32m  OK  [0m] Reached target System Initialization.
[   12.092907] cloud-init[960]: ci-info: +-------+-------------+----------+---------------+-----------+-------+
[   12.100633] cloud-init[960]: ci-info: +++++++++++++++++++Route IPv6 info+++++++++++++++++++
         Starting LXD - unix socket.
[[   12.101077] [0;32m  OK  [0mcloud-init] [960]: Started Daily Cleanup of Temporary Directories.ci-info: +-------+-------------+---------+-----------+-------+

[   12.106979] cloud-init[960]: ci-info: | Route | Destination | Gateway | Interface | Flags |
[   12.120404] cloud-init[960]: ci-info: +-------+-------------+---------+-----------+-------+
[[0;32m  OK  [0m] [   12.120825] cloud-init[960]: ci-info: |   0   |  fe80::/64  |    ::   |   enp0s3  |   U   |
Started ACPI Events Check.[   12.120964] cloud-init[960]: ci-info: |   3   |   ff00::/8  |    ::   |   enp0s3  |   U   |

[   12.125723] cloud-init[960]: ci-info: +-------+-------------+---------+-----------+-------+
[   12.128144] cloud-init[960]: Generating public/private rsa key pair.
[   12.128253] cloud-init[960]: Your identification has been saved in /etc/ssh/ssh_host_rsa_key.
[[0;32m  OK  [0m] Reached target Paths.
[   12.133574] cloud-init[960]: Your public key has been saved in /etc/ssh/ssh_host_rsa_key.pub.
[[0;32m  OK  [0m] Listening on ACPID Listen Socket.
         Starting Socket activation for snappy daemon.
[   12.134744] cloud-init[960]: The key fingerprint is:
[   12.147141] cloud-init[960]: SHA256:qlWbliiIAtgrFNKERIjBTM5uBJ5PEq6Lr7cPVHdJ2ac root@ubuntu-xenial
[   12.147562] cloud-init[960]: The key's randomart image is:
[   12.147723] cloud-init[960]: +---[RSA 2048]----+
[[0;32m  OK  [0m] Started Daily apt download activities.
[   12.147904] cloud-init[960]: |@B.     .o       |
[   12.152638] cloud-init[960]: |X=o    .... .    |
[[   12.152956] cloud-init[960]: |.X... . o  o     |
[0;32m  OK  [0m[   12.154060] cloud-init[960]: |*.=. . .  E      |
] [   12.154803] cloud-init[960]: |++o.    S        |
Started Daily apt upgrade and clean activities.
[[   12.156987] cloud-init[960]: |=+ o   + +       |
[0;32m  OK  [0m[   12.159631] cloud-init[960]: |* + . + =        |
] Reached target Timers.
[   12.160982] cloud-init[960]: |.o.. + .         |
[[   12.162809] cloud-init[960]: |.oooo            |
[0;32m  OK  [0m[   12.163690] cloud-init[960]: +----[SHA256]-----+
] [   12.165171] cloud-init[960]: Generating public/private dsa key pair.
Listening on UUID daemon activation socket.
[   12.165567] cloud-init[960]: Your identification has been saved in /etc/ssh/ssh_host_dsa_key.
[   12.169103] cloud-init[960]: Your public key has been saved in /etc/ssh/ssh_host_dsa_key.pub.
[[   12.169394] cloud-init[960]: The key fingerprint is:
[0;32m  OK  [0m[   12.171514] cloud-init[960]: SHA256:FTH0JicA0CHr+dYyqN+pVkGhaWBn/YpCi5OYSUnDAQI root@ubuntu-xenial
] [   12.172995] cloud-init[960]: The key's randomart image is:
[   12.173149] cloud-init[960]: +---[DSA 1024]----+
Listening on D-Bus System Message Bus Socket.
[[   12.174045] [0;32m  OK  [0mcloud-init] [960]: Reached target Network is Online.|E.+ =+++..=.     |

[   12.188832] cloud-init[960]: |.= + =+  . +     |
[   12.190406] cloud-init[960]: |. o =. .  + +    |
[   12.192062] cloud-init[960]: | o.o .. .. =     |
[   12.200591] cloud-init[960]: |o* .o. oS        |
         [   12.200969] cloud-init[960]: |B o .oo.         |
Starting iSCSI initiator daemon (iscsid)...[   12.202246] cloud-init[960]: | . ...= .        |

[   12.203563] cloud-init[960]: |   ..o +         |
[   12.205497] cloud-init[960]: |  .oo.o          |
[   12.207064] cloud-init[960]: +----[SHA256]-----+
[[0;32m  OK  [0m] Reached target Cloud-config availability.
[[0;32m  OK  [0m] Listening on LXD - unix socket.
[   12.208036] [[0;32m  OK  [0m] Listening on Socket activation for snappy daemon.
cloud-init[960]: Generating public/private ecdsa key pair.
[   12.219494] [cloud-init[0;32m  OK  [0m[960]: ] Your identification has been saved in /etc/ssh/ssh_host_ecdsa_key.Reached target Sockets.

[   12.220229] [[0;32m  OK  [0m] Reached target Basic System.
cloud-init         Starting LSB: MD monitoring daemon...
[960]: [[0;32m  OK  [0m] Started Unattended Upgrades Shutdown.
Your public key has been saved in /etc/ssh/ssh_host_ecdsa_key.pub.
[   12.232483] cloud-init[960]: The key fingerprint is:
[   12.241112]          Starting Pollinate to seed the pseudo random number generator...
cloud-init[960]: SHA256:8S00Q0NAuVTyw/KsXBcp+HKKYEGJdNqzZRvJ7vmJbUg root@ubuntu-xenial
[   12.244975] [[0;32m  OK  [0m] Started ACPI event daemon.
cloud-init[960]: The key's randomart image is:
         Starting /etc/rc.local Compatibility...
[   12.249185] cloud-init[960]: +---[ECDSA 256]---+
         Starting Virtualbox guest utils...
[   12.252335] cloud-init[960]: | ...o. .+==      |         Starting LXD - container startup/shutdown...

         Starting Accounts Service...
[   12.266374] cloud-init[960]: |  .=.. .o* . .   |
[   12.267718] cloud-init[960]: |  . + *.+.O o    |
[   12.269167] cloud-init[960]: |     B o.O * .   |
[   12.270654] cloud-init[960]: |    + o S O o    |
[   12.273210] cloud-init[960]: |   . oE+ * o     |
[   12.275732] [[0;32m  OK  [0m] Started Regular background program processing daemon.
cloud-init[960]: |     .+.+        |
[   12.280859] [cloud-init[0;32m  OK  [0m[960]: ] |      .+..       |Started D-Bus System Message Bus.

[   12.285128] cloud-init[960]: |      ..+        |
[   12.287334] cloud-init[960]: +----[SHA256]-----+
[   12.289534] cloud-init[960]: Generating public/private ed25519 key pair.
[   12.293246] cloud-init[960]: Your identification has been saved in /etc/ssh/ssh_host_ed25519_key.
[   12.297104] cloud-init[960]: Your public key has been saved in /etc/ssh/ssh_host_ed25519_key.pub.
[   12.303045] cloud-init[960]: The key fingerprint is:
[   12.312426] cloud-init[960]: SHA256:ImE1AbBjfyn+jMvVQj30yXzKPxN5Y4EG0Bisa4PHB4c root@ubuntu-xenial
[   12.320430] cloud-init[960]: The key's randomart image is:
[   12.321997] cloud-init[960]: +--[ED25519 256]--+
[   12.323778] cloud-init[960]: |  ....+oo=       |
[   12.333114] cloud-init[960]: |   . . .o o      |
[   12.335387] cloud-init[960]: |  + o  o.  . .   |
[   12.344957] cloud-init[960]: | . + .E+.+ .o .  |
[   12.346298] cloud-init[960]: |    +o=+S =... . |
[   12.352941] cloud-init[960]: |   ..=*o.o oo +  |
[   12.356005] cloud-init[960]: |    .ooo. o  + . |
[   12.358099] cloud-init[960]: |   . = .   .o    |
[   12.361522] cloud-init[960]: |    +.o     .o   |
[   12.363467] cloud-init[960]: +----[SHA256]-----+
         Starting LSB: Record successful boot for GRUB...
         Starting System Logging Service...
[[0;32m  OK  [0m] Started FUSE filesystem for LXC.
         Starting Snappy daemon...
[[0;32m  OK  [0m] Started Deferred execution scheduler.
         Starting Login Service...
[[0;32m  OK  [0m] Started /etc/rc.local Compatibility.
[[0;32m  OK  [0m] Started iSCSI initiator daemon (iscsid).
         Starting Login to default iSCSI targets...
[[0;32m  OK  [0m] Started Login Service.
         Starting Authenticate and Authorize Users to Run Privileged Tasks...
[[0;32m  OK  [0m] Started LSB: MD monitoring daemon.
[[0;32m  OK  [0m] Started LSB: Record successful boot for GRUB.
[[0;32m  OK  [0m] Started Login to default iSCSI targets.
[[0;32m  OK  [0m] Reached target Remote File Systems (Pre).
[[0;32m  OK  [0m] Reached target Remote File Systems.
         Starting LSB: daemon to balance interrupts for SMP systems...
         Starting Permit User Sessions...
         Starting LSB: Set the CPU Frequency Scaling governor to "ondemand"...
         Starting LSB: automatic crash report generation...
[[0;32m  OK  [0m] Started System Logging Service.
[[0;32m  OK  [0m] Started Permit User Sessions.
[[0;32m  OK  [0m] Started Authenticate and Authorize Users to Run Privileged Tasks.
[[0;32m  OK  [0m] Started Accounts Service.
         Starting Hold until boot process finishes up...
         Starting Terminate Plymouth Boot Screen...
[[0;32m  OK  [0m] Started LSB: Set the CPU Frequency Scaling governor to "ondemand".
[[0;32m  OK  [0m] Started Hold until boot process finishes up.
[[0;32m  OK  [0m] Started Terminate Plymouth Boot Screen.
[[0;32m  OK  [0m] Started Getty on tty1.
         Starting Set console scheme...
[[0;32m  OK  [0m] Started Serial Getty on ttyS0.
[[0;32m  OK  [0m] Reached target Login Prompts.
[[0;32m  OK  [0m] Started LSB: automatic crash report generation.
[[0;32m  OK  [0m] Started Set console scheme.
[[0;32m  OK  [0m] Started LSB: daemon to balance interrupts for SMP systems.
[[0;32m  OK  [0m] Started Virtualbox guest utils.
[[0;32m  OK  [0m] Started Pollinate to seed the pseudo random number generator.
         Starting OpenBSD Secure Shell server...
[[0;32m  OK  [0m] Started OpenBSD Secure Shell server.
[[0;32m  OK  [0m] Started LXD - container startup/shutdown.
[[0;32m  OK  [0m] Started Snappy daemon.
         Starting Wait until snapd is fully seeded...
[[0;32m  OK  [0m] Created slice User Slice of vagrant.
         Starting User Manager for UID 1000...
[[0;32m  OK  [0m] Started Session 1 of user vagrant.
[[0;32m  OK  [0m] Started User Manager for UID 1000.
[[0;32m  OK  [0m] Started Wait until snapd is fully seeded.
[[0;32m  OK  [0m] Reached target Multi-User System.
[[0;32m  OK  [0m] Reached target Graphical Interface.
         Starting Update UTMP about System Runlevel Changes...
         Starting Apply the settings specified in cloud-config...
[[0;32m  OK  [0m] Started Update UTMP about System Runlevel Changes.
[   16.766012] cloud-init[1388]: Generating locales (this might take a while)...
         Stopping User Manager for UID 1000...
[[0;32m  OK  [0m] Stopped User Manager for UID 1000.
[[0;32m  OK  [0m] Removed slice User Slice of vagrant.
[[0;32m  OK  [0m] Created slice User Slice of vagrant.
         Starting User Manager for UID 1000...
[[0;32m  OK  [0m] Started Session 2 of user vagrant.
[[0;32m  OK  [0m] Started User Manager for UID 1000.
[   17.961247] cloud-init[1388]:   en_US.UTF-8... done
[   17.963182] cloud-init[1388]: Generation complete.
[   18.649599] cloud-init[1388]: Cloud-init v. 18.4-0ubuntu1~16.04.2 running 'modules:config' at Wed, 06 Mar 2019 16:55:13 +0000. Up 16.59 seconds.

Ubuntu 16.04.5 LTS ubuntu-xenial ttyS0

ubuntu-xenial login: ci-info: no authorized ssh keys fingerprints found for user ubuntu.
<14>Mar  6 16:55:15 ec2: 
<14>Mar  6 16:55:15 ec2: #############################################################
<14>Mar  6 16:55:15 ec2: -----BEGIN SSH HOST KEY FINGERPRINTS-----
<14>Mar  6 16:55:15 ec2: 1024 SHA256:FTH0JicA0CHr+dYyqN+pVkGhaWBn/YpCi5OYSUnDAQI root@ubuntu-xenial (DSA)
<14>Mar  6 16:55:15 ec2: 256 SHA256:8S00Q0NAuVTyw/KsXBcp+HKKYEGJdNqzZRvJ7vmJbUg root@ubuntu-xenial (ECDSA)
<14>Mar  6 16:55:15 ec2: 256 SHA256:ImE1AbBjfyn+jMvVQj30yXzKPxN5Y4EG0Bisa4PHB4c root@ubuntu-xenial (ED25519)
<14>Mar  6 16:55:15 ec2: 2048 SHA256:qlWbliiIAtgrFNKERIjBTM5uBJ5PEq6Lr7cPVHdJ2ac root@ubuntu-xenial (RSA)
<14>Mar  6 16:55:15 ec2: -----END SSH HOST KEY FINGERPRINTS-----
<14>Mar  6 16:55:15 ec2: #############################################################
-----BEGIN SSH HOST KEY KEYS-----
ecdsa-sha2-nistp256 AAAAE2VjZHNhLXNoYTItbmlzdHAyNTYAAAAIbmlzdHAyNTYAAABBBNIWjStNxTruAl6V7URdINc0P0dI9GJWZLSWQrZyu/+j653QLCwlJJEqq2i0PRhucbacxfEfEt9CKwx79jGDnp0= root@ubuntu-xenial
ssh-ed25519 AAAAC3NzaC1lZDI1NTE5AAAAIFiEta0BVpJdEUwzoXiwaDTC8pkaeQb0nW96bQvw+XgV root@ubuntu-xenial
ssh-rsa AAAAB3NzaC1yc2EAAAADAQABAAABAQDN+GwlfEBztrsQHiuacnMYzTlt6DzSyLQQWeQbPHtXiBJDo7MroJJAgTdoFI/zz5WlcbX7GkBp64FB178GkPcIDrnaL17TcvItlp6awoAIhaip7fqA6dS/CpyGQckbSUuflgaDxGkN9keEcBf2KSlAEbbuQ6xuVhNSi1Iv9hH5qs/eItyFkyt0LM5m0MzLEfVR16qnBfYhR6Mb28K8pyD8mvg9tIkcz9stc0Emr5WLi/B8AzJQmSu/j0qW9t1LQ/63G/sxguTfX9szeO+ZqEwK9xgxn8HwAqMVaoFx+iT5FrNP5iGquH3FNzVAD3Pt/ODdBeZz0IPKC1IJwuigN90T root@ubuntu-xenial
-----END SSH HOST KEY KEYS-----
[   19.383591] cloud-init[1619]: Cloud-init v. 18.4-0ubuntu1~16.04.2 running 'modules:final' at Wed, 06 Mar 2019 16:55:15 +0000. Up 19.08 seconds.
[   19.383901] cloud-init[1619]: ci-info: no authorized ssh keys fingerprints found for user ubuntu.
[   19.385132] cloud-init[1619]: Cloud-init v. 18.4-0ubuntu1~16.04.2 finished at Wed, 06 Mar 2019 16:55:15 +0000. Datasource DataSourceNoCloud [seed=/dev/sdb][dsmode=net].  Up 19.35 seconds
